// Jest Snapshot v1, https://goo.gl/fbAQLP

exports[`<Month/> \`hideNextButton\` hides next button 1`] = `
<MonthWrapper>
  <MonthTable>
    <thead>
      <tr>
        <th>
          <NavButton
            onClick={[Function]}
          >
            ←
          </NavButton>
        </th>
        <glamorous(th)
          colSpan={5}
        >
          January 2017
        </glamorous(th)>
        <th />
      </tr>
      <tr>
        <DayName
          key="January-2017-day-0"
        >
          Su
        </DayName>
        <DayName
          key="January-2017-day-1"
        >
          Mo
        </DayName>
        <DayName
          key="January-2017-day-2"
        >
          Tu
        </DayName>
        <DayName
          key="January-2017-day-3"
        >
          We
        </DayName>
        <DayName
          key="January-2017-day-4"
        >
          Th
        </DayName>
        <DayName
          key="January-2017-day-5"
        >
          Fr
        </DayName>
        <DayName
          key="January-2017-day-6"
        >
          Sa
        </DayName>
      </tr>
    </thead>
    <tbody>
      <Week
        key="January-2017-0"
      >
        <Day
          inCurrentMonth={true}
          key="January-2017-0-0"
          onClick={[Function]}
          onMouseEnter={[Function]}
        >
          1
        </Day>
        <Day
          inCurrentMonth={true}
          key="January-2017-0-1"
          onClick={[Function]}
          onMouseEnter={[Function]}
        >
          2
        </Day>
        <Day
          inCurrentMonth={true}
          key="January-2017-0-2"
          onClick={[Function]}
          onMouseEnter={[Function]}
        >
          3
        </Day>
        <Day
          inCurrentMonth={true}
          key="January-2017-0-3"
          onClick={[Function]}
          onMouseEnter={[Function]}
        >
          4
        </Day>
        <Day
          inCurrentMonth={true}
          key="January-2017-0-4"
          onClick={[Function]}
          onMouseEnter={[Function]}
        >
          5
        </Day>
        <Day
          inCurrentMonth={true}
          key="January-2017-0-5"
          onClick={[Function]}
          onMouseEnter={[Function]}
        >
          6
        </Day>
        <Day
          inCurrentMonth={true}
          key="January-2017-0-6"
          onClick={[Function]}
          onMouseEnter={[Function]}
        >
          7
        </Day>
      </Week>
      <Week
        key="January-2017-1"
      >
        <Day
          inCurrentMonth={true}
          key="January-2017-1-0"
          onClick={[Function]}
          onMouseEnter={[Function]}
        >
          8
        </Day>
        <Day
          inCurrentMonth={true}
          key="January-2017-1-1"
          onClick={[Function]}
          onMouseEnter={[Function]}
        >
          9
        </Day>
        <Day
          inCurrentMonth={true}
          key="January-2017-1-2"
          onClick={[Function]}
          onMouseEnter={[Function]}
        >
          10
        </Day>
        <Day
          inCurrentMonth={true}
          key="January-2017-1-3"
          onClick={[Function]}
          onMouseEnter={[Function]}
        >
          11
        </Day>
        <Day
          inCurrentMonth={true}
          key="January-2017-1-4"
          onClick={[Function]}
          onMouseEnter={[Function]}
        >
          12
        </Day>
        <Day
          inCurrentMonth={true}
          key="January-2017-1-5"
          onClick={[Function]}
          onMouseEnter={[Function]}
        >
          13
        </Day>
        <Day
          inCurrentMonth={true}
          key="January-2017-1-6"
          onClick={[Function]}
          onMouseEnter={[Function]}
        >
          14
        </Day>
      </Week>
      <Week
        key="January-2017-2"
      >
        <Day
          inCurrentMonth={true}
          key="January-2017-2-0"
          onClick={[Function]}
          onMouseEnter={[Function]}
        >
          15
        </Day>
        <Day
          inCurrentMonth={true}
          key="January-2017-2-1"
          onClick={[Function]}
          onMouseEnter={[Function]}
        >
          16
        </Day>
        <Day
          inCurrentMonth={true}
          key="January-2017-2-2"
          onClick={[Function]}
          onMouseEnter={[Function]}
        >
          17
        </Day>
        <Day
          inCurrentMonth={true}
          key="January-2017-2-3"
          onClick={[Function]}
          onMouseEnter={[Function]}
        >
          18
        </Day>
        <Day
          inCurrentMonth={true}
          key="January-2017-2-4"
          onClick={[Function]}
          onMouseEnter={[Function]}
        >
          19
        </Day>
        <Day
          inCurrentMonth={true}
          key="January-2017-2-5"
          onClick={[Function]}
          onMouseEnter={[Function]}
        >
          20
        </Day>
        <Day
          inCurrentMonth={true}
          key="January-2017-2-6"
          onClick={[Function]}
          onMouseEnter={[Function]}
        >
          21
        </Day>
      </Week>
      <Week
        key="January-2017-3"
      >
        <Day
          inCurrentMonth={true}
          key="January-2017-3-0"
          onClick={[Function]}
          onMouseEnter={[Function]}
        >
          22
        </Day>
        <Day
          inCurrentMonth={true}
          key="January-2017-3-1"
          onClick={[Function]}
          onMouseEnter={[Function]}
        >
          23
        </Day>
        <Day
          inCurrentMonth={true}
          key="January-2017-3-2"
          onClick={[Function]}
          onMouseEnter={[Function]}
        >
          24
        </Day>
        <Day
          inCurrentMonth={true}
          key="January-2017-3-3"
          onClick={[Function]}
          onMouseEnter={[Function]}
        >
          25
        </Day>
        <Day
          inCurrentMonth={true}
          key="January-2017-3-4"
          onClick={[Function]}
          onMouseEnter={[Function]}
        >
          26
        </Day>
        <Day
          inCurrentMonth={true}
          key="January-2017-3-5"
          onClick={[Function]}
          onMouseEnter={[Function]}
        >
          27
        </Day>
        <Day
          inCurrentMonth={true}
          key="January-2017-3-6"
          onClick={[Function]}
          onMouseEnter={[Function]}
        >
          28
        </Day>
      </Week>
      <Week
        key="January-2017-4"
      >
        <Day
          inCurrentMonth={true}
          key="January-2017-4-0"
          onClick={[Function]}
          onMouseEnter={[Function]}
        >
          29
        </Day>
        <Day
          inCurrentMonth={true}
          key="January-2017-4-1"
          onClick={[Function]}
          onMouseEnter={[Function]}
        >
          30
        </Day>
        <Day
          inCurrentMonth={true}
          key="January-2017-4-2"
          onClick={[Function]}
          onMouseEnter={[Function]}
        >
          31
        </Day>
        <Day
          inCurrentMonth={false}
          key="January-2017-4-3"
          onClick={[Function]}
          onMouseEnter={[Function]}
        >
          1
        </Day>
        <Day
          inCurrentMonth={false}
          key="January-2017-4-4"
          onClick={[Function]}
          onMouseEnter={[Function]}
        >
          2
        </Day>
        <Day
          inCurrentMonth={false}
          key="January-2017-4-5"
          onClick={[Function]}
          onMouseEnter={[Function]}
        >
          3
        </Day>
        <Day
          inCurrentMonth={false}
          key="January-2017-4-6"
          onClick={[Function]}
          onMouseEnter={[Function]}
        >
          4
        </Day>
      </Week>
      <Week
        key="January-2017-5"
      >
        <Day
          inCurrentMonth={false}
          key="January-2017-5-0"
          onClick={[Function]}
          onMouseEnter={[Function]}
        >
          5
        </Day>
        <Day
          inCurrentMonth={false}
          key="January-2017-5-1"
          onClick={[Function]}
          onMouseEnter={[Function]}
        >
          6
        </Day>
        <Day
          inCurrentMonth={false}
          key="January-2017-5-2"
          onClick={[Function]}
          onMouseEnter={[Function]}
        >
          7
        </Day>
        <Day
          inCurrentMonth={false}
          key="January-2017-5-3"
          onClick={[Function]}
          onMouseEnter={[Function]}
        >
          8
        </Day>
        <Day
          inCurrentMonth={false}
          key="January-2017-5-4"
          onClick={[Function]}
          onMouseEnter={[Function]}
        >
          9
        </Day>
        <Day
          inCurrentMonth={false}
          key="January-2017-5-5"
          onClick={[Function]}
          onMouseEnter={[Function]}
        >
          10
        </Day>
        <Day
          inCurrentMonth={false}
          key="January-2017-5-6"
          onClick={[Function]}
          onMouseEnter={[Function]}
        >
          11
        </Day>
      </Week>
    </tbody>
  </MonthTable>
</MonthWrapper>
`;

exports[`<Month/> \`hidePrevButton\` hides prev button 1`] = `
<MonthWrapper>
  <MonthTable>
    <thead>
      <tr>
        <th />
        <glamorous(th)
          colSpan={5}
        >
          January 2017
        </glamorous(th)>
        <th>
          <NavButton
            onClick={[Function]}
          >
            →
          </NavButton>
        </th>
      </tr>
      <tr>
        <DayName
          key="January-2017-day-0"
        >
          Su
        </DayName>
        <DayName
          key="January-2017-day-1"
        >
          Mo
        </DayName>
        <DayName
          key="January-2017-day-2"
        >
          Tu
        </DayName>
        <DayName
          key="January-2017-day-3"
        >
          We
        </DayName>
        <DayName
          key="January-2017-day-4"
        >
          Th
        </DayName>
        <DayName
          key="January-2017-day-5"
        >
          Fr
        </DayName>
        <DayName
          key="January-2017-day-6"
        >
          Sa
        </DayName>
      </tr>
    </thead>
    <tbody>
      <Week
        key="January-2017-0"
      >
        <Day
          inCurrentMonth={true}
          key="January-2017-0-0"
          onClick={[Function]}
          onMouseEnter={[Function]}
        >
          1
        </Day>
        <Day
          inCurrentMonth={true}
          key="January-2017-0-1"
          onClick={[Function]}
          onMouseEnter={[Function]}
        >
          2
        </Day>
        <Day
          inCurrentMonth={true}
          key="January-2017-0-2"
          onClick={[Function]}
          onMouseEnter={[Function]}
        >
          3
        </Day>
        <Day
          inCurrentMonth={true}
          key="January-2017-0-3"
          onClick={[Function]}
          onMouseEnter={[Function]}
        >
          4
        </Day>
        <Day
          inCurrentMonth={true}
          key="January-2017-0-4"
          onClick={[Function]}
          onMouseEnter={[Function]}
        >
          5
        </Day>
        <Day
          inCurrentMonth={true}
          key="January-2017-0-5"
          onClick={[Function]}
          onMouseEnter={[Function]}
        >
          6
        </Day>
        <Day
          inCurrentMonth={true}
          key="January-2017-0-6"
          onClick={[Function]}
          onMouseEnter={[Function]}
        >
          7
        </Day>
      </Week>
      <Week
        key="January-2017-1"
      >
        <Day
          inCurrentMonth={true}
          key="January-2017-1-0"
          onClick={[Function]}
          onMouseEnter={[Function]}
        >
          8
        </Day>
        <Day
          inCurrentMonth={true}
          key="January-2017-1-1"
          onClick={[Function]}
          onMouseEnter={[Function]}
        >
          9
        </Day>
        <Day
          inCurrentMonth={true}
          key="January-2017-1-2"
          onClick={[Function]}
          onMouseEnter={[Function]}
        >
          10
        </Day>
        <Day
          inCurrentMonth={true}
          key="January-2017-1-3"
          onClick={[Function]}
          onMouseEnter={[Function]}
        >
          11
        </Day>
        <Day
          inCurrentMonth={true}
          key="January-2017-1-4"
          onClick={[Function]}
          onMouseEnter={[Function]}
        >
          12
        </Day>
        <Day
          inCurrentMonth={true}
          key="January-2017-1-5"
          onClick={[Function]}
          onMouseEnter={[Function]}
        >
          13
        </Day>
        <Day
          inCurrentMonth={true}
          key="January-2017-1-6"
          onClick={[Function]}
          onMouseEnter={[Function]}
        >
          14
        </Day>
      </Week>
      <Week
        key="January-2017-2"
      >
        <Day
          inCurrentMonth={true}
          key="January-2017-2-0"
          onClick={[Function]}
          onMouseEnter={[Function]}
        >
          15
        </Day>
        <Day
          inCurrentMonth={true}
          key="January-2017-2-1"
          onClick={[Function]}
          onMouseEnter={[Function]}
        >
          16
        </Day>
        <Day
          inCurrentMonth={true}
          key="January-2017-2-2"
          onClick={[Function]}
          onMouseEnter={[Function]}
        >
          17
        </Day>
        <Day
          inCurrentMonth={true}
          key="January-2017-2-3"
          onClick={[Function]}
          onMouseEnter={[Function]}
        >
          18
        </Day>
        <Day
          inCurrentMonth={true}
          key="January-2017-2-4"
          onClick={[Function]}
          onMouseEnter={[Function]}
        >
          19
        </Day>
        <Day
          inCurrentMonth={true}
          key="January-2017-2-5"
          onClick={[Function]}
          onMouseEnter={[Function]}
        >
          20
        </Day>
        <Day
          inCurrentMonth={true}
          key="January-2017-2-6"
          onClick={[Function]}
          onMouseEnter={[Function]}
        >
          21
        </Day>
      </Week>
      <Week
        key="January-2017-3"
      >
        <Day
          inCurrentMonth={true}
          key="January-2017-3-0"
          onClick={[Function]}
          onMouseEnter={[Function]}
        >
          22
        </Day>
        <Day
          inCurrentMonth={true}
          key="January-2017-3-1"
          onClick={[Function]}
          onMouseEnter={[Function]}
        >
          23
        </Day>
        <Day
          inCurrentMonth={true}
          key="January-2017-3-2"
          onClick={[Function]}
          onMouseEnter={[Function]}
        >
          24
        </Day>
        <Day
          inCurrentMonth={true}
          key="January-2017-3-3"
          onClick={[Function]}
          onMouseEnter={[Function]}
        >
          25
        </Day>
        <Day
          inCurrentMonth={true}
          key="January-2017-3-4"
          onClick={[Function]}
          onMouseEnter={[Function]}
        >
          26
        </Day>
        <Day
          inCurrentMonth={true}
          key="January-2017-3-5"
          onClick={[Function]}
          onMouseEnter={[Function]}
        >
          27
        </Day>
        <Day
          inCurrentMonth={true}
          key="January-2017-3-6"
          onClick={[Function]}
          onMouseEnter={[Function]}
        >
          28
        </Day>
      </Week>
      <Week
        key="January-2017-4"
      >
        <Day
          inCurrentMonth={true}
          key="January-2017-4-0"
          onClick={[Function]}
          onMouseEnter={[Function]}
        >
          29
        </Day>
        <Day
          inCurrentMonth={true}
          key="January-2017-4-1"
          onClick={[Function]}
          onMouseEnter={[Function]}
        >
          30
        </Day>
        <Day
          inCurrentMonth={true}
          key="January-2017-4-2"
          onClick={[Function]}
          onMouseEnter={[Function]}
        >
          31
        </Day>
        <Day
          inCurrentMonth={false}
          key="January-2017-4-3"
          onClick={[Function]}
          onMouseEnter={[Function]}
        >
          1
        </Day>
        <Day
          inCurrentMonth={false}
          key="January-2017-4-4"
          onClick={[Function]}
          onMouseEnter={[Function]}
        >
          2
        </Day>
        <Day
          inCurrentMonth={false}
          key="January-2017-4-5"
          onClick={[Function]}
          onMouseEnter={[Function]}
        >
          3
        </Day>
        <Day
          inCurrentMonth={false}
          key="January-2017-4-6"
          onClick={[Function]}
          onMouseEnter={[Function]}
        >
          4
        </Day>
      </Week>
      <Week
        key="January-2017-5"
      >
        <Day
          inCurrentMonth={false}
          key="January-2017-5-0"
          onClick={[Function]}
          onMouseEnter={[Function]}
        >
          5
        </Day>
        <Day
          inCurrentMonth={false}
          key="January-2017-5-1"
          onClick={[Function]}
          onMouseEnter={[Function]}
        >
          6
        </Day>
        <Day
          inCurrentMonth={false}
          key="January-2017-5-2"
          onClick={[Function]}
          onMouseEnter={[Function]}
        >
          7
        </Day>
        <Day
          inCurrentMonth={false}
          key="January-2017-5-3"
          onClick={[Function]}
          onMouseEnter={[Function]}
        >
          8
        </Day>
        <Day
          inCurrentMonth={false}
          key="January-2017-5-4"
          onClick={[Function]}
          onMouseEnter={[Function]}
        >
          9
        </Day>
        <Day
          inCurrentMonth={false}
          key="January-2017-5-5"
          onClick={[Function]}
          onMouseEnter={[Function]}
        >
          10
        </Day>
        <Day
          inCurrentMonth={false}
          key="January-2017-5-6"
          onClick={[Function]}
          onMouseEnter={[Function]}
        >
          11
        </Day>
      </Week>
    </tbody>
  </MonthTable>
</MonthWrapper>
`;

exports[`<Month/> renders given \`daysOfWeek\` 1`] = `
<MonthWrapper>
  <MonthTable>
    <thead>
      <tr>
        <th>
          <NavButton
            onClick={[Function]}
          >
            ←
          </NavButton>
        </th>
        <glamorous(th)
          colSpan={5}
        >
          January 2017
        </glamorous(th)>
        <th>
          <NavButton
            onClick={[Function]}
          >
            →
          </NavButton>
        </th>
      </tr>
      <tr>
        <DayName
          key="January-2017-day-0"
        >
          S
        </DayName>
        <DayName
          key="January-2017-day-1"
        >
          M
        </DayName>
        <DayName
          key="January-2017-day-2"
        >
          T
        </DayName>
        <DayName
          key="January-2017-day-3"
        >
          W
        </DayName>
        <DayName
          key="January-2017-day-4"
        >
          T
        </DayName>
        <DayName
          key="January-2017-day-5"
        >
          F
        </DayName>
        <DayName
          key="January-2017-day-6"
        >
          S
        </DayName>
      </tr>
    </thead>
    <tbody>
      <Week
        key="January-2017-0"
      >
        <Day
          inCurrentMonth={true}
          key="January-2017-0-0"
          onClick={[Function]}
          onMouseEnter={[Function]}
        >
          1
        </Day>
        <Day
          inCurrentMonth={true}
          key="January-2017-0-1"
          onClick={[Function]}
          onMouseEnter={[Function]}
        >
          2
        </Day>
        <Day
          inCurrentMonth={true}
          key="January-2017-0-2"
          onClick={[Function]}
          onMouseEnter={[Function]}
        >
          3
        </Day>
        <Day
          inCurrentMonth={true}
          key="January-2017-0-3"
          onClick={[Function]}
          onMouseEnter={[Function]}
        >
          4
        </Day>
        <Day
          inCurrentMonth={true}
          key="January-2017-0-4"
          onClick={[Function]}
          onMouseEnter={[Function]}
        >
          5
        </Day>
        <Day
          inCurrentMonth={true}
          key="January-2017-0-5"
          onClick={[Function]}
          onMouseEnter={[Function]}
        >
          6
        </Day>
        <Day
          inCurrentMonth={true}
          key="January-2017-0-6"
          onClick={[Function]}
          onMouseEnter={[Function]}
        >
          7
        </Day>
      </Week>
      <Week
        key="January-2017-1"
      >
        <Day
          inCurrentMonth={true}
          key="January-2017-1-0"
          onClick={[Function]}
          onMouseEnter={[Function]}
        >
          8
        </Day>
        <Day
          inCurrentMonth={true}
          key="January-2017-1-1"
          onClick={[Function]}
          onMouseEnter={[Function]}
        >
          9
        </Day>
        <Day
          inCurrentMonth={true}
          key="January-2017-1-2"
          onClick={[Function]}
          onMouseEnter={[Function]}
        >
          10
        </Day>
        <Day
          inCurrentMonth={true}
          key="January-2017-1-3"
          onClick={[Function]}
          onMouseEnter={[Function]}
        >
          11
        </Day>
        <Day
          inCurrentMonth={true}
          key="January-2017-1-4"
          onClick={[Function]}
          onMouseEnter={[Function]}
        >
          12
        </Day>
        <Day
          inCurrentMonth={true}
          key="January-2017-1-5"
          onClick={[Function]}
          onMouseEnter={[Function]}
        >
          13
        </Day>
        <Day
          inCurrentMonth={true}
          key="January-2017-1-6"
          onClick={[Function]}
          onMouseEnter={[Function]}
        >
          14
        </Day>
      </Week>
      <Week
        key="January-2017-2"
      >
        <Day
          inCurrentMonth={true}
          key="January-2017-2-0"
          onClick={[Function]}
          onMouseEnter={[Function]}
        >
          15
        </Day>
        <Day
          inCurrentMonth={true}
          key="January-2017-2-1"
          onClick={[Function]}
          onMouseEnter={[Function]}
        >
          16
        </Day>
        <Day
          inCurrentMonth={true}
          key="January-2017-2-2"
          onClick={[Function]}
          onMouseEnter={[Function]}
        >
          17
        </Day>
        <Day
          inCurrentMonth={true}
          key="January-2017-2-3"
          onClick={[Function]}
          onMouseEnter={[Function]}
        >
          18
        </Day>
        <Day
          inCurrentMonth={true}
          key="January-2017-2-4"
          onClick={[Function]}
          onMouseEnter={[Function]}
        >
          19
        </Day>
        <Day
          inCurrentMonth={true}
          key="January-2017-2-5"
          onClick={[Function]}
          onMouseEnter={[Function]}
        >
          20
        </Day>
        <Day
          inCurrentMonth={true}
          key="January-2017-2-6"
          onClick={[Function]}
          onMouseEnter={[Function]}
        >
          21
        </Day>
      </Week>
      <Week
        key="January-2017-3"
      >
        <Day
          inCurrentMonth={true}
          key="January-2017-3-0"
          onClick={[Function]}
          onMouseEnter={[Function]}
        >
          22
        </Day>
        <Day
          inCurrentMonth={true}
          key="January-2017-3-1"
          onClick={[Function]}
          onMouseEnter={[Function]}
        >
          23
        </Day>
        <Day
          inCurrentMonth={true}
          key="January-2017-3-2"
          onClick={[Function]}
          onMouseEnter={[Function]}
        >
          24
        </Day>
        <Day
          inCurrentMonth={true}
          key="January-2017-3-3"
          onClick={[Function]}
          onMouseEnter={[Function]}
        >
          25
        </Day>
        <Day
          inCurrentMonth={true}
          key="January-2017-3-4"
          onClick={[Function]}
          onMouseEnter={[Function]}
        >
          26
        </Day>
        <Day
          inCurrentMonth={true}
          key="January-2017-3-5"
          onClick={[Function]}
          onMouseEnter={[Function]}
        >
          27
        </Day>
        <Day
          inCurrentMonth={true}
          key="January-2017-3-6"
          onClick={[Function]}
          onMouseEnter={[Function]}
        >
          28
        </Day>
      </Week>
      <Week
        key="January-2017-4"
      >
        <Day
          inCurrentMonth={true}
          key="January-2017-4-0"
          onClick={[Function]}
          onMouseEnter={[Function]}
        >
          29
        </Day>
        <Day
          inCurrentMonth={true}
          key="January-2017-4-1"
          onClick={[Function]}
          onMouseEnter={[Function]}
        >
          30
        </Day>
        <Day
          inCurrentMonth={true}
          key="January-2017-4-2"
          onClick={[Function]}
          onMouseEnter={[Function]}
        >
          31
        </Day>
        <Day
          inCurrentMonth={false}
          key="January-2017-4-3"
          onClick={[Function]}
          onMouseEnter={[Function]}
        >
          1
        </Day>
        <Day
          inCurrentMonth={false}
          key="January-2017-4-4"
          onClick={[Function]}
          onMouseEnter={[Function]}
        >
          2
        </Day>
        <Day
          inCurrentMonth={false}
          key="January-2017-4-5"
          onClick={[Function]}
          onMouseEnter={[Function]}
        >
          3
        </Day>
        <Day
          inCurrentMonth={false}
          key="January-2017-4-6"
          onClick={[Function]}
          onMouseEnter={[Function]}
        >
          4
        </Day>
      </Week>
      <Week
        key="January-2017-5"
      >
        <Day
          inCurrentMonth={false}
          key="January-2017-5-0"
          onClick={[Function]}
          onMouseEnter={[Function]}
        >
          5
        </Day>
        <Day
          inCurrentMonth={false}
          key="January-2017-5-1"
          onClick={[Function]}
          onMouseEnter={[Function]}
        >
          6
        </Day>
        <Day
          inCurrentMonth={false}
          key="January-2017-5-2"
          onClick={[Function]}
          onMouseEnter={[Function]}
        >
          7
        </Day>
        <Day
          inCurrentMonth={false}
          key="January-2017-5-3"
          onClick={[Function]}
          onMouseEnter={[Function]}
        >
          8
        </Day>
        <Day
          inCurrentMonth={false}
          key="January-2017-5-4"
          onClick={[Function]}
          onMouseEnter={[Function]}
        >
          9
        </Day>
        <Day
          inCurrentMonth={false}
          key="January-2017-5-5"
          onClick={[Function]}
          onMouseEnter={[Function]}
        >
          10
        </Day>
        <Day
          inCurrentMonth={false}
          key="January-2017-5-6"
          onClick={[Function]}
          onMouseEnter={[Function]}
        >
          11
        </Day>
      </Week>
    </tbody>
  </MonthTable>
</MonthWrapper>
`;

exports[`<Month/> renders given \`monthNames\` 1`] = `
<MonthWrapper>
  <MonthTable>
    <thead>
      <tr>
        <th>
          <NavButton
            onClick={[Function]}
          >
            ←
          </NavButton>
        </th>
        <glamorous(th)
          colSpan={5}
        >
          Jan 2017
        </glamorous(th)>
        <th>
          <NavButton
            onClick={[Function]}
          >
            →
          </NavButton>
        </th>
      </tr>
      <tr>
        <DayName
          key="Jan-2017-day-0"
        >
          Su
        </DayName>
        <DayName
          key="Jan-2017-day-1"
        >
          Mo
        </DayName>
        <DayName
          key="Jan-2017-day-2"
        >
          Tu
        </DayName>
        <DayName
          key="Jan-2017-day-3"
        >
          We
        </DayName>
        <DayName
          key="Jan-2017-day-4"
        >
          Th
        </DayName>
        <DayName
          key="Jan-2017-day-5"
        >
          Fr
        </DayName>
        <DayName
          key="Jan-2017-day-6"
        >
          Sa
        </DayName>
      </tr>
    </thead>
    <tbody>
      <Week
        key="Jan-2017-0"
      >
        <Day
          inCurrentMonth={true}
          key="Jan-2017-0-0"
          onClick={[Function]}
          onMouseEnter={[Function]}
        >
          1
        </Day>
        <Day
          inCurrentMonth={true}
          key="Jan-2017-0-1"
          onClick={[Function]}
          onMouseEnter={[Function]}
        >
          2
        </Day>
        <Day
          inCurrentMonth={true}
          key="Jan-2017-0-2"
          onClick={[Function]}
          onMouseEnter={[Function]}
        >
          3
        </Day>
        <Day
          inCurrentMonth={true}
          key="Jan-2017-0-3"
          onClick={[Function]}
          onMouseEnter={[Function]}
        >
          4
        </Day>
        <Day
          inCurrentMonth={true}
          key="Jan-2017-0-4"
          onClick={[Function]}
          onMouseEnter={[Function]}
        >
          5
        </Day>
        <Day
          inCurrentMonth={true}
          key="Jan-2017-0-5"
          onClick={[Function]}
          onMouseEnter={[Function]}
        >
          6
        </Day>
        <Day
          inCurrentMonth={true}
          key="Jan-2017-0-6"
          onClick={[Function]}
          onMouseEnter={[Function]}
        >
          7
        </Day>
      </Week>
      <Week
        key="Jan-2017-1"
      >
        <Day
          inCurrentMonth={true}
          key="Jan-2017-1-0"
          onClick={[Function]}
          onMouseEnter={[Function]}
        >
          8
        </Day>
        <Day
          inCurrentMonth={true}
          key="Jan-2017-1-1"
          onClick={[Function]}
          onMouseEnter={[Function]}
        >
          9
        </Day>
        <Day
          inCurrentMonth={true}
          key="Jan-2017-1-2"
          onClick={[Function]}
          onMouseEnter={[Function]}
        >
          10
        </Day>
        <Day
          inCurrentMonth={true}
          key="Jan-2017-1-3"
          onClick={[Function]}
          onMouseEnter={[Function]}
        >
          11
        </Day>
        <Day
          inCurrentMonth={true}
          key="Jan-2017-1-4"
          onClick={[Function]}
          onMouseEnter={[Function]}
        >
          12
        </Day>
        <Day
          inCurrentMonth={true}
          key="Jan-2017-1-5"
          onClick={[Function]}
          onMouseEnter={[Function]}
        >
          13
        </Day>
        <Day
          inCurrentMonth={true}
          key="Jan-2017-1-6"
          onClick={[Function]}
          onMouseEnter={[Function]}
        >
          14
        </Day>
      </Week>
      <Week
        key="Jan-2017-2"
      >
        <Day
          inCurrentMonth={true}
          key="Jan-2017-2-0"
          onClick={[Function]}
          onMouseEnter={[Function]}
        >
          15
        </Day>
        <Day
          inCurrentMonth={true}
          key="Jan-2017-2-1"
          onClick={[Function]}
          onMouseEnter={[Function]}
        >
          16
        </Day>
        <Day
          inCurrentMonth={true}
          key="Jan-2017-2-2"
          onClick={[Function]}
          onMouseEnter={[Function]}
        >
          17
        </Day>
        <Day
          inCurrentMonth={true}
          key="Jan-2017-2-3"
          onClick={[Function]}
          onMouseEnter={[Function]}
        >
          18
        </Day>
        <Day
          inCurrentMonth={true}
          key="Jan-2017-2-4"
          onClick={[Function]}
          onMouseEnter={[Function]}
        >
          19
        </Day>
        <Day
          inCurrentMonth={true}
          key="Jan-2017-2-5"
          onClick={[Function]}
          onMouseEnter={[Function]}
        >
          20
        </Day>
        <Day
          inCurrentMonth={true}
          key="Jan-2017-2-6"
          onClick={[Function]}
          onMouseEnter={[Function]}
        >
          21
        </Day>
      </Week>
      <Week
        key="Jan-2017-3"
      >
        <Day
          inCurrentMonth={true}
          key="Jan-2017-3-0"
          onClick={[Function]}
          onMouseEnter={[Function]}
        >
          22
        </Day>
        <Day
          inCurrentMonth={true}
          key="Jan-2017-3-1"
          onClick={[Function]}
          onMouseEnter={[Function]}
        >
          23
        </Day>
        <Day
          inCurrentMonth={true}
          key="Jan-2017-3-2"
          onClick={[Function]}
          onMouseEnter={[Function]}
        >
          24
        </Day>
        <Day
          inCurrentMonth={true}
          key="Jan-2017-3-3"
          onClick={[Function]}
          onMouseEnter={[Function]}
        >
          25
        </Day>
        <Day
          inCurrentMonth={true}
          key="Jan-2017-3-4"
          onClick={[Function]}
          onMouseEnter={[Function]}
        >
          26
        </Day>
        <Day
          inCurrentMonth={true}
          key="Jan-2017-3-5"
          onClick={[Function]}
          onMouseEnter={[Function]}
        >
          27
        </Day>
        <Day
          inCurrentMonth={true}
          key="Jan-2017-3-6"
          onClick={[Function]}
          onMouseEnter={[Function]}
        >
          28
        </Day>
      </Week>
      <Week
        key="Jan-2017-4"
      >
        <Day
          inCurrentMonth={true}
          key="Jan-2017-4-0"
          onClick={[Function]}
          onMouseEnter={[Function]}
        >
          29
        </Day>
        <Day
          inCurrentMonth={true}
          key="Jan-2017-4-1"
          onClick={[Function]}
          onMouseEnter={[Function]}
        >
          30
        </Day>
        <Day
          inCurrentMonth={true}
          key="Jan-2017-4-2"
          onClick={[Function]}
          onMouseEnter={[Function]}
        >
          31
        </Day>
        <Day
          inCurrentMonth={false}
          key="Jan-2017-4-3"
          onClick={[Function]}
          onMouseEnter={[Function]}
        >
          1
        </Day>
        <Day
          inCurrentMonth={false}
          key="Jan-2017-4-4"
          onClick={[Function]}
          onMouseEnter={[Function]}
        >
          2
        </Day>
        <Day
          inCurrentMonth={false}
          key="Jan-2017-4-5"
          onClick={[Function]}
          onMouseEnter={[Function]}
        >
          3
        </Day>
        <Day
          inCurrentMonth={false}
          key="Jan-2017-4-6"
          onClick={[Function]}
          onMouseEnter={[Function]}
        >
          4
        </Day>
      </Week>
      <Week
        key="Jan-2017-5"
      >
        <Day
          inCurrentMonth={false}
          key="Jan-2017-5-0"
          onClick={[Function]}
          onMouseEnter={[Function]}
        >
          5
        </Day>
        <Day
          inCurrentMonth={false}
          key="Jan-2017-5-1"
          onClick={[Function]}
          onMouseEnter={[Function]}
        >
          6
        </Day>
        <Day
          inCurrentMonth={false}
          key="Jan-2017-5-2"
          onClick={[Function]}
          onMouseEnter={[Function]}
        >
          7
        </Day>
        <Day
          inCurrentMonth={false}
          key="Jan-2017-5-3"
          onClick={[Function]}
          onMouseEnter={[Function]}
        >
          8
        </Day>
        <Day
          inCurrentMonth={false}
          key="Jan-2017-5-4"
          onClick={[Function]}
          onMouseEnter={[Function]}
        >
          9
        </Day>
        <Day
          inCurrentMonth={false}
          key="Jan-2017-5-5"
          onClick={[Function]}
          onMouseEnter={[Function]}
        >
          10
        </Day>
        <Day
          inCurrentMonth={false}
          key="Jan-2017-5-6"
          onClick={[Function]}
          onMouseEnter={[Function]}
        >
          11
        </Day>
      </Week>
    </tbody>
  </MonthTable>
</MonthWrapper>
`;

exports[`<Month/> renders given month 1`] = `
<MonthWrapper>
  <MonthTable>
    <thead>
      <tr>
        <th>
          <NavButton
            onClick={[Function]}
          >
            ←
          </NavButton>
        </th>
        <glamorous(th)
          colSpan={5}
        >
          January 2017
        </glamorous(th)>
        <th>
          <NavButton
            onClick={[Function]}
          >
            →
          </NavButton>
        </th>
      </tr>
      <tr>
        <DayName
          key="January-2017-day-0"
        >
          Su
        </DayName>
        <DayName
          key="January-2017-day-1"
        >
          Mo
        </DayName>
        <DayName
          key="January-2017-day-2"
        >
          Tu
        </DayName>
        <DayName
          key="January-2017-day-3"
        >
          We
        </DayName>
        <DayName
          key="January-2017-day-4"
        >
          Th
        </DayName>
        <DayName
          key="January-2017-day-5"
        >
          Fr
        </DayName>
        <DayName
          key="January-2017-day-6"
        >
          Sa
        </DayName>
      </tr>
    </thead>
    <tbody>
      <Week
        key="January-2017-0"
      >
        <Day
          inCurrentMonth={true}
          key="January-2017-0-0"
          onClick={[Function]}
          onMouseEnter={[Function]}
        >
          1
        </Day>
        <Day
          inCurrentMonth={true}
          key="January-2017-0-1"
          onClick={[Function]}
          onMouseEnter={[Function]}
        >
          2
        </Day>
        <Day
          inCurrentMonth={true}
          key="January-2017-0-2"
          onClick={[Function]}
          onMouseEnter={[Function]}
        >
          3
        </Day>
        <Day
          inCurrentMonth={true}
          key="January-2017-0-3"
          onClick={[Function]}
          onMouseEnter={[Function]}
        >
          4
        </Day>
        <Day
          inCurrentMonth={true}
          key="January-2017-0-4"
          onClick={[Function]}
          onMouseEnter={[Function]}
        >
          5
        </Day>
        <Day
          inCurrentMonth={true}
          key="January-2017-0-5"
          onClick={[Function]}
          onMouseEnter={[Function]}
        >
          6
        </Day>
        <Day
          inCurrentMonth={true}
          key="January-2017-0-6"
          onClick={[Function]}
          onMouseEnter={[Function]}
        >
          7
        </Day>
      </Week>
      <Week
        key="January-2017-1"
      >
        <Day
          inCurrentMonth={true}
          key="January-2017-1-0"
          onClick={[Function]}
          onMouseEnter={[Function]}
        >
          8
        </Day>
        <Day
          inCurrentMonth={true}
          key="January-2017-1-1"
          onClick={[Function]}
          onMouseEnter={[Function]}
        >
          9
        </Day>
        <Day
          inCurrentMonth={true}
          key="January-2017-1-2"
          onClick={[Function]}
          onMouseEnter={[Function]}
        >
          10
        </Day>
        <Day
          inCurrentMonth={true}
          key="January-2017-1-3"
          onClick={[Function]}
          onMouseEnter={[Function]}
        >
          11
        </Day>
        <Day
          inCurrentMonth={true}
          key="January-2017-1-4"
          onClick={[Function]}
          onMouseEnter={[Function]}
        >
          12
        </Day>
        <Day
          inCurrentMonth={true}
          key="January-2017-1-5"
          onClick={[Function]}
          onMouseEnter={[Function]}
        >
          13
        </Day>
        <Day
          inCurrentMonth={true}
          key="January-2017-1-6"
          onClick={[Function]}
          onMouseEnter={[Function]}
        >
          14
        </Day>
      </Week>
      <Week
        key="January-2017-2"
      >
        <Day
          inCurrentMonth={true}
          key="January-2017-2-0"
          onClick={[Function]}
          onMouseEnter={[Function]}
        >
          15
        </Day>
        <Day
          inCurrentMonth={true}
          key="January-2017-2-1"
          onClick={[Function]}
          onMouseEnter={[Function]}
        >
          16
        </Day>
        <Day
          inCurrentMonth={true}
          key="January-2017-2-2"
          onClick={[Function]}
          onMouseEnter={[Function]}
        >
          17
        </Day>
        <Day
          inCurrentMonth={true}
          key="January-2017-2-3"
          onClick={[Function]}
          onMouseEnter={[Function]}
        >
          18
        </Day>
        <Day
          inCurrentMonth={true}
          key="January-2017-2-4"
          onClick={[Function]}
          onMouseEnter={[Function]}
        >
          19
        </Day>
        <Day
          inCurrentMonth={true}
          key="January-2017-2-5"
          onClick={[Function]}
          onMouseEnter={[Function]}
        >
          20
        </Day>
        <Day
          inCurrentMonth={true}
          key="January-2017-2-6"
          onClick={[Function]}
          onMouseEnter={[Function]}
        >
          21
        </Day>
      </Week>
      <Week
        key="January-2017-3"
      >
        <Day
          inCurrentMonth={true}
          key="January-2017-3-0"
          onClick={[Function]}
          onMouseEnter={[Function]}
        >
          22
        </Day>
        <Day
          inCurrentMonth={true}
          key="January-2017-3-1"
          onClick={[Function]}
          onMouseEnter={[Function]}
        >
          23
        </Day>
        <Day
          inCurrentMonth={true}
          key="January-2017-3-2"
          onClick={[Function]}
          onMouseEnter={[Function]}
        >
          24
        </Day>
        <Day
          inCurrentMonth={true}
          key="January-2017-3-3"
          onClick={[Function]}
          onMouseEnter={[Function]}
        >
          25
        </Day>
        <Day
          inCurrentMonth={true}
          key="January-2017-3-4"
          onClick={[Function]}
          onMouseEnter={[Function]}
        >
          26
        </Day>
        <Day
          inCurrentMonth={true}
          key="January-2017-3-5"
          onClick={[Function]}
          onMouseEnter={[Function]}
        >
          27
        </Day>
        <Day
          inCurrentMonth={true}
          key="January-2017-3-6"
          onClick={[Function]}
          onMouseEnter={[Function]}
        >
          28
        </Day>
      </Week>
      <Week
        key="January-2017-4"
      >
        <Day
          inCurrentMonth={true}
          key="January-2017-4-0"
          onClick={[Function]}
          onMouseEnter={[Function]}
        >
          29
        </Day>
        <Day
          inCurrentMonth={true}
          key="January-2017-4-1"
          onClick={[Function]}
          onMouseEnter={[Function]}
        >
          30
        </Day>
        <Day
          inCurrentMonth={true}
          key="January-2017-4-2"
          onClick={[Function]}
          onMouseEnter={[Function]}
        >
          31
        </Day>
        <Day
          inCurrentMonth={false}
          key="January-2017-4-3"
          onClick={[Function]}
          onMouseEnter={[Function]}
        >
          1
        </Day>
        <Day
          inCurrentMonth={false}
          key="January-2017-4-4"
          onClick={[Function]}
          onMouseEnter={[Function]}
        >
          2
        </Day>
        <Day
          inCurrentMonth={false}
          key="January-2017-4-5"
          onClick={[Function]}
          onMouseEnter={[Function]}
        >
          3
        </Day>
        <Day
          inCurrentMonth={false}
          key="January-2017-4-6"
          onClick={[Function]}
          onMouseEnter={[Function]}
        >
          4
        </Day>
      </Week>
      <Week
        key="January-2017-5"
      >
        <Day
          inCurrentMonth={false}
          key="January-2017-5-0"
          onClick={[Function]}
          onMouseEnter={[Function]}
        >
          5
        </Day>
        <Day
          inCurrentMonth={false}
          key="January-2017-5-1"
          onClick={[Function]}
          onMouseEnter={[Function]}
        >
          6
        </Day>
        <Day
          inCurrentMonth={false}
          key="January-2017-5-2"
          onClick={[Function]}
          onMouseEnter={[Function]}
        >
          7
        </Day>
        <Day
          inCurrentMonth={false}
          key="January-2017-5-3"
          onClick={[Function]}
          onMouseEnter={[Function]}
        >
          8
        </Day>
        <Day
          inCurrentMonth={false}
          key="January-2017-5-4"
          onClick={[Function]}
          onMouseEnter={[Function]}
        >
          9
        </Day>
        <Day
          inCurrentMonth={false}
          key="January-2017-5-5"
          onClick={[Function]}
          onMouseEnter={[Function]}
        >
          10
        </Day>
        <Day
          inCurrentMonth={false}
          key="January-2017-5-6"
          onClick={[Function]}
          onMouseEnter={[Function]}
        >
          11
        </Day>
      </Week>
    </tbody>
  </MonthTable>
</MonthWrapper>
`;

exports[`<Month/> shows given \`startDate\` as selected 1`] = `
<MonthWrapper>
  <MonthTable>
    <thead>
      <tr>
        <th>
          <NavButton
            onClick={[Function]}
          >
            ←
          </NavButton>
        </th>
        <glamorous(th)
          colSpan={5}
        >
          January 2017
        </glamorous(th)>
        <th>
          <NavButton
            onClick={[Function]}
          >
            →
          </NavButton>
        </th>
      </tr>
      <tr>
        <DayName
          key="January-2017-day-0"
        >
          Su
        </DayName>
        <DayName
          key="January-2017-day-1"
        >
          Mo
        </DayName>
        <DayName
          key="January-2017-day-2"
        >
          Tu
        </DayName>
        <DayName
          key="January-2017-day-3"
        >
          We
        </DayName>
        <DayName
          key="January-2017-day-4"
        >
          Th
        </DayName>
        <DayName
          key="January-2017-day-5"
        >
          Fr
        </DayName>
        <DayName
          key="January-2017-day-6"
        >
          Sa
        </DayName>
      </tr>
    </thead>
    <tbody>
      <Week
        key="January-2017-0"
      >
        <Day
          inCurrentMonth={true}
          inRange={false}
          key="January-2017-0-0"
          onClick={[Function]}
          onMouseEnter={[Function]}
        >
          1
        </Day>
        <Day
          inCurrentMonth={true}
          inRange={false}
          key="January-2017-0-1"
          onClick={[Function]}
          onMouseEnter={[Function]}
        >
          2
        </Day>
        <Day
          inCurrentMonth={true}
          inRange={false}
          key="January-2017-0-2"
          onClick={[Function]}
          onMouseEnter={[Function]}
        >
          3
        </Day>
        <Day
          inCurrentMonth={true}
          inRange={false}
          key="January-2017-0-3"
          onClick={[Function]}
          onMouseEnter={[Function]}
        >
          4
        </Day>
        <Day
          inCurrentMonth={true}
          inRange={false}
          key="January-2017-0-4"
          onClick={[Function]}
          onMouseEnter={[Function]}
          selected={true}
        >
          5
        </Day>
        <Day
          inCurrentMonth={true}
          key="January-2017-0-5"
          onClick={[Function]}
          onMouseEnter={[Function]}
        >
          6
        </Day>
        <Day
          inCurrentMonth={true}
          key="January-2017-0-6"
          onClick={[Function]}
          onMouseEnter={[Function]}
        >
          7
        </Day>
      </Week>
      <Week
        key="January-2017-1"
      >
        <Day
          inCurrentMonth={true}
          key="January-2017-1-0"
          onClick={[Function]}
          onMouseEnter={[Function]}
        >
          8
        </Day>
        <Day
          inCurrentMonth={true}
          key="January-2017-1-1"
          onClick={[Function]}
          onMouseEnter={[Function]}
        >
          9
        </Day>
        <Day
          inCurrentMonth={true}
          key="January-2017-1-2"
          onClick={[Function]}
          onMouseEnter={[Function]}
        >
          10
        </Day>
        <Day
          inCurrentMonth={true}
          key="January-2017-1-3"
          onClick={[Function]}
          onMouseEnter={[Function]}
        >
          11
        </Day>
        <Day
          inCurrentMonth={true}
          key="January-2017-1-4"
          onClick={[Function]}
          onMouseEnter={[Function]}
        >
          12
        </Day>
        <Day
          inCurrentMonth={true}
          key="January-2017-1-5"
          onClick={[Function]}
          onMouseEnter={[Function]}
        >
          13
        </Day>
        <Day
          inCurrentMonth={true}
          key="January-2017-1-6"
          onClick={[Function]}
          onMouseEnter={[Function]}
        >
          14
        </Day>
      </Week>
      <Week
        key="January-2017-2"
      >
        <Day
          inCurrentMonth={true}
          key="January-2017-2-0"
          onClick={[Function]}
          onMouseEnter={[Function]}
        >
          15
        </Day>
        <Day
          inCurrentMonth={true}
          key="January-2017-2-1"
          onClick={[Function]}
          onMouseEnter={[Function]}
        >
          16
        </Day>
        <Day
          inCurrentMonth={true}
          key="January-2017-2-2"
          onClick={[Function]}
          onMouseEnter={[Function]}
        >
          17
        </Day>
        <Day
          inCurrentMonth={true}
          key="January-2017-2-3"
          onClick={[Function]}
          onMouseEnter={[Function]}
        >
          18
        </Day>
        <Day
          inCurrentMonth={true}
          key="January-2017-2-4"
          onClick={[Function]}
          onMouseEnter={[Function]}
        >
          19
        </Day>
        <Day
          inCurrentMonth={true}
          key="January-2017-2-5"
          onClick={[Function]}
          onMouseEnter={[Function]}
        >
          20
        </Day>
        <Day
          inCurrentMonth={true}
          key="January-2017-2-6"
          onClick={[Function]}
          onMouseEnter={[Function]}
        >
          21
        </Day>
      </Week>
      <Week
        key="January-2017-3"
      >
        <Day
          inCurrentMonth={true}
          key="January-2017-3-0"
          onClick={[Function]}
          onMouseEnter={[Function]}
        >
          22
        </Day>
        <Day
          inCurrentMonth={true}
          key="January-2017-3-1"
          onClick={[Function]}
          onMouseEnter={[Function]}
        >
          23
        </Day>
        <Day
          inCurrentMonth={true}
          key="January-2017-3-2"
          onClick={[Function]}
          onMouseEnter={[Function]}
        >
          24
        </Day>
        <Day
          inCurrentMonth={true}
          key="January-2017-3-3"
          onClick={[Function]}
          onMouseEnter={[Function]}
        >
          25
        </Day>
        <Day
          inCurrentMonth={true}
          key="January-2017-3-4"
          onClick={[Function]}
          onMouseEnter={[Function]}
        >
          26
        </Day>
        <Day
          inCurrentMonth={true}
          key="January-2017-3-5"
          onClick={[Function]}
          onMouseEnter={[Function]}
        >
          27
        </Day>
        <Day
          inCurrentMonth={true}
          key="January-2017-3-6"
          onClick={[Function]}
          onMouseEnter={[Function]}
        >
          28
        </Day>
      </Week>
      <Week
        key="January-2017-4"
      >
        <Day
          inCurrentMonth={true}
          key="January-2017-4-0"
          onClick={[Function]}
          onMouseEnter={[Function]}
        >
          29
        </Day>
        <Day
          inCurrentMonth={true}
          key="January-2017-4-1"
          onClick={[Function]}
          onMouseEnter={[Function]}
        >
          30
        </Day>
        <Day
          inCurrentMonth={true}
          key="January-2017-4-2"
          onClick={[Function]}
          onMouseEnter={[Function]}
        >
          31
        </Day>
        <Day
          inCurrentMonth={false}
          key="January-2017-4-3"
          onClick={[Function]}
          onMouseEnter={[Function]}
        >
          1
        </Day>
        <Day
          inCurrentMonth={false}
          key="January-2017-4-4"
          onClick={[Function]}
          onMouseEnter={[Function]}
        >
          2
        </Day>
        <Day
          inCurrentMonth={false}
          key="January-2017-4-5"
          onClick={[Function]}
          onMouseEnter={[Function]}
        >
          3
        </Day>
        <Day
          inCurrentMonth={false}
          key="January-2017-4-6"
          onClick={[Function]}
          onMouseEnter={[Function]}
        >
          4
        </Day>
      </Week>
      <Week
        key="January-2017-5"
      >
        <Day
          inCurrentMonth={false}
          key="January-2017-5-0"
          onClick={[Function]}
          onMouseEnter={[Function]}
        >
          5
        </Day>
        <Day
          inCurrentMonth={false}
          key="January-2017-5-1"
          onClick={[Function]}
          onMouseEnter={[Function]}
        >
          6
        </Day>
        <Day
          inCurrentMonth={false}
          key="January-2017-5-2"
          onClick={[Function]}
          onMouseEnter={[Function]}
        >
          7
        </Day>
        <Day
          inCurrentMonth={false}
          key="January-2017-5-3"
          onClick={[Function]}
          onMouseEnter={[Function]}
        >
          8
        </Day>
        <Day
          inCurrentMonth={false}
          key="January-2017-5-4"
          onClick={[Function]}
          onMouseEnter={[Function]}
        >
          9
        </Day>
        <Day
          inCurrentMonth={false}
          key="January-2017-5-5"
          onClick={[Function]}
          onMouseEnter={[Function]}
        >
          10
        </Day>
        <Day
          inCurrentMonth={false}
          key="January-2017-5-6"
          onClick={[Function]}
          onMouseEnter={[Function]}
        >
          11
        </Day>
      </Week>
    </tbody>
  </MonthTable>
</MonthWrapper>
`;

exports[`<Month/> shows range when \`startDate\` and \`endDate\` are given 1`] = `
<MonthWrapper>
  <MonthTable>
    <thead>
      <tr>
        <th>
          <NavButton
            onClick={[Function]}
          >
            ←
          </NavButton>
        </th>
        <glamorous(th)
          colSpan={5}
        >
          January 2017
        </glamorous(th)>
        <th>
          <NavButton
            onClick={[Function]}
          >
            →
          </NavButton>
        </th>
      </tr>
      <tr>
        <DayName
          key="January-2017-day-0"
        >
          Su
        </DayName>
        <DayName
          key="January-2017-day-1"
        >
          Mo
        </DayName>
        <DayName
          key="January-2017-day-2"
        >
          Tu
        </DayName>
        <DayName
          key="January-2017-day-3"
        >
          We
        </DayName>
        <DayName
          key="January-2017-day-4"
        >
          Th
        </DayName>
        <DayName
          key="January-2017-day-5"
        >
          Fr
        </DayName>
        <DayName
          key="January-2017-day-6"
        >
          Sa
        </DayName>
      </tr>
    </thead>
    <tbody>
      <Week
        key="January-2017-0"
      >
        <Day
          inCurrentMonth={true}
          inRange={false}
          key="January-2017-0-0"
          onClick={[Function]}
          onMouseEnter={[Function]}
          selected={false}
        >
          1
        </Day>
        <Day
          inCurrentMonth={true}
          inRange={false}
          key="January-2017-0-1"
          onClick={[Function]}
          onMouseEnter={[Function]}
          selected={false}
        >
          2
        </Day>
        <Day
          inCurrentMonth={true}
          inRange={false}
          key="January-2017-0-2"
          onClick={[Function]}
          onMouseEnter={[Function]}
          selected={false}
        >
          3
        </Day>
        <Day
          inCurrentMonth={true}
          inRange={false}
          key="January-2017-0-3"
          onClick={[Function]}
          onMouseEnter={[Function]}
          selected={false}
        >
          4
        </Day>
        <Day
          inCurrentMonth={true}
          inRange={false}
          key="January-2017-0-4"
          onClick={[Function]}
          onMouseEnter={[Function]}
          selected={true}
        >
          5
        </Day>
        <Day
          inCurrentMonth={true}
          inRange={true}
          key="January-2017-0-5"
          onClick={[Function]}
          onMouseEnter={[Function]}
          selected={false}
        >
          6
        </Day>
        <Day
          inCurrentMonth={true}
          inRange={true}
          key="January-2017-0-6"
          onClick={[Function]}
          onMouseEnter={[Function]}
          selected={false}
        >
          7
        </Day>
      </Week>
      <Week
        key="January-2017-1"
      >
        <Day
          inCurrentMonth={true}
          inRange={true}
          key="January-2017-1-0"
          onClick={[Function]}
          onMouseEnter={[Function]}
          selected={false}
        >
          8
        </Day>
        <Day
          inCurrentMonth={true}
          inRange={true}
          key="January-2017-1-1"
          onClick={[Function]}
          onMouseEnter={[Function]}
          selected={false}
        >
          9
        </Day>
        <Day
          inCurrentMonth={true}
          inRange={true}
          key="January-2017-1-2"
          onClick={[Function]}
          onMouseEnter={[Function]}
          selected={false}
        >
          10
        </Day>
        <Day
          inCurrentMonth={true}
          inRange={false}
          key="January-2017-1-3"
          onClick={[Function]}
          onMouseEnter={[Function]}
          selected={true}
        >
          11
        </Day>
        <Day
          inCurrentMonth={true}
          inRange={false}
          key="January-2017-1-4"
          onClick={[Function]}
          onMouseEnter={[Function]}
          selected={false}
        >
          12
        </Day>
        <Day
          inCurrentMonth={true}
          inRange={false}
          key="January-2017-1-5"
          onClick={[Function]}
          onMouseEnter={[Function]}
          selected={false}
        >
          13
        </Day>
        <Day
          inCurrentMonth={true}
          inRange={false}
          key="January-2017-1-6"
          onClick={[Function]}
          onMouseEnter={[Function]}
          selected={false}
        >
          14
        </Day>
      </Week>
      <Week
        key="January-2017-2"
      >
        <Day
          inCurrentMonth={true}
          inRange={false}
          key="January-2017-2-0"
          onClick={[Function]}
          onMouseEnter={[Function]}
          selected={false}
        >
          15
        </Day>
        <Day
          inCurrentMonth={true}
          inRange={false}
          key="January-2017-2-1"
          onClick={[Function]}
          onMouseEnter={[Function]}
          selected={false}
        >
          16
        </Day>
        <Day
          inCurrentMonth={true}
          inRange={false}
          key="January-2017-2-2"
          onClick={[Function]}
          onMouseEnter={[Function]}
          selected={false}
        >
          17
        </Day>
        <Day
          inCurrentMonth={true}
          inRange={false}
          key="January-2017-2-3"
          onClick={[Function]}
          onMouseEnter={[Function]}
          selected={false}
        >
          18
        </Day>
        <Day
          inCurrentMonth={true}
          inRange={false}
          key="January-2017-2-4"
          onClick={[Function]}
          onMouseEnter={[Function]}
          selected={false}
        >
          19
        </Day>
        <Day
          inCurrentMonth={true}
          inRange={false}
          key="January-2017-2-5"
          onClick={[Function]}
          onMouseEnter={[Function]}
          selected={false}
        >
          20
        </Day>
        <Day
          inCurrentMonth={true}
          inRange={false}
          key="January-2017-2-6"
          onClick={[Function]}
          onMouseEnter={[Function]}
          selected={false}
        >
          21
        </Day>
      </Week>
      <Week
        key="January-2017-3"
      >
        <Day
          inCurrentMonth={true}
          inRange={false}
          key="January-2017-3-0"
          onClick={[Function]}
          onMouseEnter={[Function]}
          selected={false}
        >
          22
        </Day>
        <Day
          inCurrentMonth={true}
          inRange={false}
          key="January-2017-3-1"
          onClick={[Function]}
          onMouseEnter={[Function]}
          selected={false}
        >
          23
        </Day>
        <Day
          inCurrentMonth={true}
          inRange={false}
          key="January-2017-3-2"
          onClick={[Function]}
          onMouseEnter={[Function]}
          selected={false}
        >
          24
        </Day>
        <Day
          inCurrentMonth={true}
          inRange={false}
          key="January-2017-3-3"
          onClick={[Function]}
          onMouseEnter={[Function]}
          selected={false}
        >
          25
        </Day>
        <Day
          inCurrentMonth={true}
          inRange={false}
          key="January-2017-3-4"
          onClick={[Function]}
          onMouseEnter={[Function]}
          selected={false}
        >
          26
        </Day>
        <Day
          inCurrentMonth={true}
          inRange={false}
          key="January-2017-3-5"
          onClick={[Function]}
          onMouseEnter={[Function]}
          selected={false}
        >
          27
        </Day>
        <Day
          inCurrentMonth={true}
          inRange={false}
          key="January-2017-3-6"
          onClick={[Function]}
          onMouseEnter={[Function]}
          selected={false}
        >
          28
        </Day>
      </Week>
      <Week
        key="January-2017-4"
      >
        <Day
          inCurrentMonth={true}
          inRange={false}
          key="January-2017-4-0"
          onClick={[Function]}
          onMouseEnter={[Function]}
          selected={false}
        >
          29
        </Day>
        <Day
          inCurrentMonth={true}
          inRange={false}
          key="January-2017-4-1"
          onClick={[Function]}
          onMouseEnter={[Function]}
          selected={false}
        >
          30
        </Day>
        <Day
          inCurrentMonth={true}
          inRange={false}
          key="January-2017-4-2"
          onClick={[Function]}
          onMouseEnter={[Function]}
          selected={false}
        >
          31
        </Day>
        <Day
          inCurrentMonth={false}
          inRange={false}
          key="January-2017-4-3"
          onClick={[Function]}
          onMouseEnter={[Function]}
          selected={false}
        >
          1
        </Day>
        <Day
          inCurrentMonth={false}
          inRange={false}
          key="January-2017-4-4"
          onClick={[Function]}
          onMouseEnter={[Function]}
          selected={false}
        >
          2
        </Day>
        <Day
          inCurrentMonth={false}
          inRange={false}
          key="January-2017-4-5"
          onClick={[Function]}
          onMouseEnter={[Function]}
          selected={false}
        >
          3
        </Day>
        <Day
          inCurrentMonth={false}
          inRange={false}
          key="January-2017-4-6"
          onClick={[Function]}
          onMouseEnter={[Function]}
          selected={false}
        >
          4
        </Day>
      </Week>
      <Week
        key="January-2017-5"
      >
        <Day
          inCurrentMonth={false}
          inRange={false}
          key="January-2017-5-0"
          onClick={[Function]}
          onMouseEnter={[Function]}
          selected={false}
        >
          5
        </Day>
        <Day
          inCurrentMonth={false}
          inRange={false}
          key="January-2017-5-1"
          onClick={[Function]}
          onMouseEnter={[Function]}
          selected={false}
        >
          6
        </Day>
        <Day
          inCurrentMonth={false}
          inRange={false}
          key="January-2017-5-2"
          onClick={[Function]}
          onMouseEnter={[Function]}
          selected={false}
        >
          7
        </Day>
        <Day
          inCurrentMonth={false}
          inRange={false}
          key="January-2017-5-3"
          onClick={[Function]}
          onMouseEnter={[Function]}
          selected={false}
        >
          8
        </Day>
        <Day
          inCurrentMonth={false}
          inRange={false}
          key="January-2017-5-4"
          onClick={[Function]}
          onMouseEnter={[Function]}
          selected={false}
        >
          9
        </Day>
        <Day
          inCurrentMonth={false}
          inRange={false}
          key="January-2017-5-5"
          onClick={[Function]}
          onMouseEnter={[Function]}
          selected={false}
        >
          10
        </Day>
        <Day
          inCurrentMonth={false}
          inRange={false}
          key="January-2017-5-6"
          onClick={[Function]}
          onMouseEnter={[Function]}
          selected={false}
        >
          11
        </Day>
      </Week>
    </tbody>
  </MonthTable>
</MonthWrapper>
`;
